Archive member included to satisfy reference by file (symbol)

C:/ST/STM32CubeIDE_1.14.0/STM32CubeIDE/plugins/com.st.stm32cube.ide.mcu.externaltools.gnu-tools-for-stm32.11.3.rel1.win32_1.1.100.202309141235/tools/bin/../lib/gcc/arm-none-eabi/11.3.1/../../../../arm-none-eabi/lib/thumb/v7e-m/nofp\libc_nano.a(libc_a-exit.o)
                              C:/ST/STM32CubeIDE_1.14.0/STM32CubeIDE/plugins/com.st.stm32cube.ide.mcu.externaltools.gnu-tools-for-stm32.11.3.rel1.win32_1.1.100.202309141235/tools/bin/../lib/gcc/arm-none-eabi/11.3.1/../../../../arm-none-eabi/lib/thumb/v7e-m/nofp/crt0.o (exit)
C:/ST/STM32CubeIDE_1.14.0/STM32CubeIDE/plugins/com.st.stm32cube.ide.mcu.externaltools.gnu-tools-for-stm32.11.3.rel1.win32_1.1.100.202309141235/tools/bin/../lib/gcc/arm-none-eabi/11.3.1/../../../../arm-none-eabi/lib/thumb/v7e-m/nofp\libc_nano.a(libc_a-findfp.o)
                              C:/ST/STM32CubeIDE_1.14.0/STM32CubeIDE/plugins/com.st.stm32cube.ide.mcu.externaltools.gnu-tools-for-stm32.11.3.rel1.win32_1.1.100.202309141235/tools/bin/../lib/gcc/arm-none-eabi/11.3.1/../../../../arm-none-eabi/lib/thumb/v7e-m/nofp\libc_nano.a(libc_a-exit.o) (__stdio_exit_handler)
C:/ST/STM32CubeIDE_1.14.0/STM32CubeIDE/plugins/com.st.stm32cube.ide.mcu.externaltools.gnu-tools-for-stm32.11.3.rel1.win32_1.1.100.202309141235/tools/bin/../lib/gcc/arm-none-eabi/11.3.1/../../../../arm-none-eabi/lib/thumb/v7e-m/nofp\libc_nano.a(libc_a-fwalk.o)
                              C:/ST/STM32CubeIDE_1.14.0/STM32CubeIDE/plugins/com.st.stm32cube.ide.mcu.externaltools.gnu-tools-for-stm32.11.3.rel1.win32_1.1.100.202309141235/tools/bin/../lib/gcc/arm-none-eabi/11.3.1/../../../../arm-none-eabi/lib/thumb/v7e-m/nofp\libc_nano.a(libc_a-findfp.o) (_fwalk_sglue)
C:/ST/STM32CubeIDE_1.14.0/STM32CubeIDE/plugins/com.st.stm32cube.ide.mcu.externaltools.gnu-tools-for-stm32.11.3.rel1.win32_1.1.100.202309141235/tools/bin/../lib/gcc/arm-none-eabi/11.3.1/../../../../arm-none-eabi/lib/thumb/v7e-m/nofp\libc_nano.a(libc_a-stdio.o)
                              C:/ST/STM32CubeIDE_1.14.0/STM32CubeIDE/plugins/com.st.stm32cube.ide.mcu.externaltools.gnu-tools-for-stm32.11.3.rel1.win32_1.1.100.202309141235/tools/bin/../lib/gcc/arm-none-eabi/11.3.1/../../../../arm-none-eabi/lib/thumb/v7e-m/nofp\libc_nano.a(libc_a-findfp.o) (__sread)
C:/ST/STM32CubeIDE_1.14.0/STM32CubeIDE/plugins/com.st.stm32cube.ide.mcu.externaltools.gnu-tools-for-stm32.11.3.rel1.win32_1.1.100.202309141235/tools/bin/../lib/gcc/arm-none-eabi/11.3.1/../../../../arm-none-eabi/lib/thumb/v7e-m/nofp\libc_nano.a(libc_a-memset.o)
                              C:/ST/STM32CubeIDE_1.14.0/STM32CubeIDE/plugins/com.st.stm32cube.ide.mcu.externaltools.gnu-tools-for-stm32.11.3.rel1.win32_1.1.100.202309141235/tools/bin/../lib/gcc/arm-none-eabi/11.3.1/../../../../arm-none-eabi/lib/thumb/v7e-m/nofp/crt0.o (memset)
C:/ST/STM32CubeIDE_1.14.0/STM32CubeIDE/plugins/com.st.stm32cube.ide.mcu.externaltools.gnu-tools-for-stm32.11.3.rel1.win32_1.1.100.202309141235/tools/bin/../lib/gcc/arm-none-eabi/11.3.1/../../../../arm-none-eabi/lib/thumb/v7e-m/nofp\libc_nano.a(libc_a-closer.o)
                              C:/ST/STM32CubeIDE_1.14.0/STM32CubeIDE/plugins/com.st.stm32cube.ide.mcu.externaltools.gnu-tools-for-stm32.11.3.rel1.win32_1.1.100.202309141235/tools/bin/../lib/gcc/arm-none-eabi/11.3.1/../../../../arm-none-eabi/lib/thumb/v7e-m/nofp\libc_nano.a(libc_a-stdio.o) (_close_r)
C:/ST/STM32CubeIDE_1.14.0/STM32CubeIDE/plugins/com.st.stm32cube.ide.mcu.externaltools.gnu-tools-for-stm32.11.3.rel1.win32_1.1.100.202309141235/tools/bin/../lib/gcc/arm-none-eabi/11.3.1/../../../../arm-none-eabi/lib/thumb/v7e-m/nofp\libc_nano.a(libc_a-reent.o)
                              C:/ST/STM32CubeIDE_1.14.0/STM32CubeIDE/plugins/com.st.stm32cube.ide.mcu.externaltools.gnu-tools-for-stm32.11.3.rel1.win32_1.1.100.202309141235/tools/bin/../lib/gcc/arm-none-eabi/11.3.1/../../../../arm-none-eabi/lib/thumb/v7e-m/nofp\libc_nano.a(libc_a-closer.o) (errno)
C:/ST/STM32CubeIDE_1.14.0/STM32CubeIDE/plugins/com.st.stm32cube.ide.mcu.externaltools.gnu-tools-for-stm32.11.3.rel1.win32_1.1.100.202309141235/tools/bin/../lib/gcc/arm-none-eabi/11.3.1/../../../../arm-none-eabi/lib/thumb/v7e-m/nofp\libc_nano.a(libc_a-impure.o)
                              C:/ST/STM32CubeIDE_1.14.0/STM32CubeIDE/plugins/com.st.stm32cube.ide.mcu.externaltools.gnu-tools-for-stm32.11.3.rel1.win32_1.1.100.202309141235/tools/bin/../lib/gcc/arm-none-eabi/11.3.1/../../../../arm-none-eabi/lib/thumb/v7e-m/nofp\libc_nano.a(libc_a-reent.o) (_impure_ptr)
C:/ST/STM32CubeIDE_1.14.0/STM32CubeIDE/plugins/com.st.stm32cube.ide.mcu.externaltools.gnu-tools-for-stm32.11.3.rel1.win32_1.1.100.202309141235/tools/bin/../lib/gcc/arm-none-eabi/11.3.1/../../../../arm-none-eabi/lib/thumb/v7e-m/nofp\libc_nano.a(libc_a-lseekr.o)
[...]
Memory Configuration

Name             Origin             Length             Attributes
RAM              0x0000000020000000 0x0000000000010000 xrw
FLASH            0x0000000008000000 0x0000000000040000 xr
*default*        0x0000000000000000 0xffffffffffffffff

Linker script and memory map

LOAD C:/ST/STM32CubeIDE_1.14.0/STM32CubeIDE/plugins/com.st.stm32cube.ide.mcu.externaltools.gnu-tools-for-stm32.11.3.rel1.win32_1.1.100.202309141235/tools/bin/../lib/gcc/arm-none-eabi/11.3.1/thumb/v7e-m/nofp/crti.o
LOAD C:/ST/STM32CubeIDE_1.14.0/STM32CubeIDE/plugins/com.st.stm32cube.ide.mcu.externaltools.gnu-tools-for-stm32.11.3.rel1.win32_1.1.100.202309141235/tools/bin/../lib/gcc/arm-none-eabi/11.3.1/thumb/v7e-m/nofp/crtbegin.o
LOAD C:/ST/STM32CubeIDE_1.14.0/STM32CubeIDE/plugins/com.st.stm32cube.ide.mcu.externaltools.gnu-tools-for-stm32.11.3.rel1.win32_1.1.100.202309141235/tools/bin/../lib/gcc/arm-none-eabi/11.3.1/../../../../arm-none-eabi/lib/thumb/v7e-m/nofp/crt0.o
LOAD ./Src/Core_Peripheral/NVIC/NVIC.o
LOAD ./Src/Core_Peripheral/SCB/SCB.o
LOAD ./Src/Core_Peripheral/SystTick/SystTick.o
LOAD ./Src/HAL/Keypad/keypad.o
LOAD ./Src/HAL/LCD/lcd.o
LOAD ./Src/HAL/LED/led.o
LOAD ./Src/MCAL/EXTI/EXTI.o
LOAD ./Src/MCAL/GPIO/GPIO.o
LOAD ./Src/MCAL/RCC/RCC.o
LOAD ./Src/MCAL/SYSCFG/syscfg.o
LOAD ./Src/main.o
LOAD ./Src/syscalls.o
LOAD ./Src/sysmem.o
LOAD ./Startup/startup_stm32f401rctx.o
START GROUP
LOAD C:/ST/STM32CubeIDE_1.14.0/STM32CubeIDE/plugins/com.st.stm32cube.ide.mcu.externaltools.gnu-tools-for-stm32.11.3.rel1.win32_1.1.100.202309141235/tools/bin/../lib/gcc/arm-none-eabi/11.3.1/../../../../arm-none-eabi/lib/thumb/v7e-m/nofp\libc_nano.a
LOAD C:/ST/STM32CubeIDE_1.14.0/STM32CubeIDE/plugins/com.st.stm32cube.ide.mcu.externaltools.gnu-tools-for-stm32.11.3.rel1.win32_1.1.100.202309141235/tools/bin/../lib/gcc/arm-none-eabi/11.3.1/../../../../arm-none-eabi/lib/thumb/v7e-m/nofp\libm.a
END GROUP
START GROUP
LOAD C:/ST/STM32CubeIDE_1.14.0/STM32CubeIDE/plugins/com.st.stm32cube.ide.mcu.externaltools.gnu-tools-for-stm32.11.3.rel1.win32_1.1.100.202309141235/tools/bin/../lib/gcc/arm-none-eabi/11.3.1/thumb/v7e-m/nofp\libgcc.a
LOAD C:/ST/STM32CubeIDE_1.14.0/STM32CubeIDE/plugins/com.st.stm32cube.ide.mcu.externaltools.gnu-tools-for-stm32.11.3.rel1.win32_1.1.100.202309141235/tools/bin/../lib/gcc/arm-none-eabi/11.3.1/../../../../arm-none-eabi/lib/thumb/v7e-m/nofp\libc_nano.a
END GROUP
START GROUP
LOAD C:/ST/STM32CubeIDE_1.14.0/STM32CubeIDE/plugins/com.st.stm32cube.ide.mcu.externaltools.gnu-tools-for-stm32.11.3.rel1.win32_1.1.100.202309141235/tools/bin/../lib/gcc/arm-none-eabi/11.3.1/thumb/v7e-m/nofp\libgcc.a
LOAD C:/ST/STM32CubeIDE_1.14.0/STM32CubeIDE/plugins/com.st.stm32cube.ide.mcu.externaltools.gnu-tools-for-stm32.11.3.rel1.win32_1.1.100.202309141235/tools/bin/../lib/gcc/arm-none-eabi/11.3.1/../../../../arm-none-eabi/lib/thumb/v7e-m/nofp\libc_nano.a
LOAD C:/ST/STM32CubeIDE_1.14.0/STM32CubeIDE/plugins/com.st.stm32cube.ide.mcu.externaltools.gnu-tools-for-stm32.11.3.rel1.win32_1.1.100.202309141235/tools/bin/../lib/gcc/arm-none-eabi/11.3.1/../../../../arm-none-eabi/lib/thumb/v7e-m/nofp\libnosys.a
END GROUP
START GROUP
LOAD C:/ST/STM32CubeIDE_1.14.0/STM32CubeIDE/plugins/com.st.stm32cube.ide.mcu.externaltools.gnu-tools-for-stm32.11.3.rel1.win32_1.1.100.202309141235/tools/bin/../lib/gcc/arm-none-eabi/11.3.1/thumb/v7e-m/nofp\libgcc.a
LOAD C:/ST/STM32CubeIDE_1.14.0/STM32CubeIDE/plugins/com.st.stm32cube.ide.mcu.externaltools.gnu-tools-for-stm32.11.3.rel1.win32_1.1.100.202309141235/tools/bin/../lib/gcc/arm-none-eabi/11.3.1/../../../../arm-none-eabi/lib/thumb/v7e-m/nofp\libc_nano.a
LOAD C:/ST/STM32CubeIDE_1.14.0/STM32CubeIDE/plugins/com.st.stm32cube.ide.mcu.externaltools.gnu-tools-for-stm32.11.3.rel1.win32_1.1.100.202309141235/tools/bin/../lib/gcc/arm-none-eabi/11.3.1/../../../../arm-none-eabi/lib/thumb/v7e-m/nofp\libnosys.a
END GROUP
LOAD C:/ST/STM32CubeIDE_1.14.0/STM32CubeIDE/plugins/com.st.stm32cube.ide.mcu.externaltools.gnu-tools-for-stm32.11.3.rel1.win32_1.1.100.202309141235/tools/bin/../lib/gcc/arm-none-eabi/11.3.1/thumb/v7e-m/nofp/crtend.o
LOAD C:/ST/STM32CubeIDE_1.14.0/STM32CubeIDE/plugins/com.st.stm32cube.ide.mcu.externaltools.gnu-tools-for-stm32.11.3.rel1.win32_1.1.100.202309141235/tools/bin/../lib/gcc/arm-none-eabi/11.3.1/thumb/v7e-m/nofp/crtn.o
                0x0000000020010000                _estack = (ORIGIN (RAM) + LENGTH (RAM))
                0x0000000000000200                _Min_Heap_Size = 0x200
                0x0000000000000400                _Min_Stack_Size = 0x400

.isr_vector     0x0000000008000000      0x194
                0x0000000008000000                . = ALIGN (0x4)
 *(.isr_vector)
 .isr_vector    0x0000000008000000      0x194 ./Startup/startup_stm32f401rctx.o
                0x0000000008000000                g_pfnVectors
                0x0000000008000194                . = ALIGN (0x4)

.text           0x0000000008000194      0xf24
                0x0000000008000194                . = ALIGN (0x4)
 *(.text)
 .text          0x0000000008000194       0x40 C:/ST/STM32CubeIDE_1.14.0/STM32CubeIDE/plugins/com.st.stm32cube.ide.mcu.externaltools.gnu-tools-for-stm32.11.3.rel1.win32_1.1.100.202309141235/tools/bin/../lib/gcc/arm-none-eabi/11.3.1/thumb/v7e-m/nofp/crtbegin.o
 *(.text*)
 .text.nvic_enable
                0x00000000080001d4       0x64 ./Src/Core_Peripheral/NVIC/NVIC.o
                0x00000000080001d4                nvic_enable
 .text.nvic_set_priority
                0x0000000008000238       0x44 ./Src/Core_Peripheral/NVIC/NVIC.o
                0x0000000008000238                nvic_set_priority
 .text.scb_set_priority_group
                0x000000000800027c       0x5c ./Src/Core_Peripheral/SCB/SCB.o
                0x000000000800027c                scb_set_priority_group
 .text.Systick_init
                0x00000000080002d8       0x54 ./Src/Core_Peripheral/SystTick/SystTick.o
                0x00000000080002d8                Systick_init
 .text.Systick_Wait_Blocking
                0x000000000800032c       0x50 ./Src/Core_Peripheral/SystTick/SystTick.o
                0x000000000800032c                Systick_Wait_Blocking
 .text.delay_ms
                0x000000000800037c       0x30 ./Src/Core_Peripheral/SystTick/SystTick.o
                0x000000000800037c                delay_ms
 .text.EXTI_initialize
                0x00000000080003ac       0xf4 ./Src/MCAL/EXTI/EXTI.o
                0x00000000080003ac                EXTI_initialize
 .text.EXTI_enable
                0x00000000080004a0       0x30 ./Src/MCAL/EXTI/EXTI.o
                0x00000000080004a0                EXTI_enable
 .text.EXTI_set_pending_flag
                0x00000000080004d0       0x40 ./Src/MCAL/EXTI/EXTI.o
                0x00000000080004d0                EXTI_set_pending_flag
 .text.EXTI_clear_pending_flag
                0x0000000008000510       0x30 ./Src/MCAL/EXTI/EXTI.o
                0x0000000008000510                EXTI_clear_pending_flag
 .text.EXTI_read_pending_flag
                0x0000000008000540       0x3c ./Src/MCAL/EXTI/EXTI.o
                0x0000000008000540                EXTI_read_pending_flag
 .text.EXTI0_IRQHandler
                0x000000000800057c       0x38 ./Src/MCAL/EXTI/EXTI.o
                0x000000000800057c                EXTI0_IRQHandler
 .text.EXTI1_IRQHandler
                0x00000000080005b4       0x38 ./Src/MCAL/EXTI/EXTI.o
                0x00000000080005b4                EXTI1_IRQHandler
 .text.EXTI2_IRQHandler
                0x00000000080005ec       0x38 ./Src/MCAL/EXTI/EXTI.o
                0x00000000080005ec                EXTI2_IRQHandler
 .text.EXTI3_IRQHandler
                0x0000000008000624       0x38 ./Src/MCAL/EXTI/EXTI.o
                0x0000000008000624                EXTI3_IRQHandler
 .text.EXTI4_IRQHandler
                0x000000000800065c       0x38 ./Src/MCAL/EXTI/EXTI.o
                0x000000000800065c                EXTI4_IRQHandler
 .text.EXTI9_5_IRQHandler
                0x0000000008000694      0x134 ./Src/MCAL/EXTI/EXTI.o
                0x0000000008000694                EXTI9_5_IRQHandler
 .text.EXTI15_10_IRQHandler
                0x00000000080007c8      0x16c ./Src/MCAL/EXTI/EXTI.o
                0x00000000080007c8                EXTI15_10_IRQHandler
 .text.EXTI16_PVD_IRQHandler
                0x0000000008000934       0x38 ./Src/MCAL/EXTI/EXTI.o
                0x0000000008000934                EXTI16_PVD_IRQHandler
 .text.EXTI17_RTC_Alarm_IRQHandler
                0x000000000800096c       0x38 ./Src/MCAL/EXTI/EXTI.o
                0x000000000800096c                EXTI17_RTC_Alarm_IRQHandler
 .text.EXTI18_OTG_FS_WKUP_IRQHandler
                0x00000000080009a4       0x38 ./Src/MCAL/EXTI/EXTI.o
                0x00000000080009a4                EXTI18_OTG_FS_WKUP_IRQHandler
 .text.EXTI22_RTC_WKUP_IRQHandler
                0x00000000080009dc       0x38 ./Src/MCAL/EXTI/EXTI.o
                0x00000000080009dc                EXTI22_RTC_WKUP_IRQHandler
 .text.GPIO_Pin_init
                0x0000000008000a14      0x23c ./Src/MCAL/GPIO/GPIO.o
                0x0000000008000a14                GPIO_Pin_init
 .text.GPIO_Toggle_Pin_Value
                0x0000000008000c50       0x6c ./Src/MCAL/GPIO/GPIO.o
                0x0000000008000c50                GPIO_Toggle_Pin_Value
 .text.HALL_RCC_OscConfig
                0x0000000008000cbc       0xc0 ./Src/MCAL/RCC/RCC.o
                0x0000000008000cbc                HALL_RCC_OscConfig
 .text.HALL_RCC_ClockConfig
                0x0000000008000d7c       0x60 ./Src/MCAL/RCC/RCC.o
                0x0000000008000d7c                HALL_RCC_ClockConfig
 .text.syscfg_set_EXTI_port
                0x0000000008000ddc      0x114 ./Src/MCAL/SYSCFG/syscfg.o
                0x0000000008000ddc                syscfg_set_EXTI_port
 .text.exti_b7_handler
                0x0000000008000ef0       0x1a ./Src/main.o
                0x0000000008000ef0                exti_b7_handler
 *fill*         0x0000000008000f0a        0x2 
 .text.main     0x0000000008000f0c       0x94 ./Src/main.o
                0x0000000008000f0c                main
 .text.SystemClock_Config
                0x0000000008000fa0       0x64 ./Src/main.o
                0x0000000008000fa0                SystemClock_Config
 .text.Reset_Handler
                0x0000000008001004       0x50 ./Startup/startup_stm32f401rctx.o
                0x0000000008001004                Reset_Handler
 .text.Default_Handler
                0x0000000008001054        0x2 ./Startup/startup_stm32f401rctx.o
                0x0000000008001054                DebugMon_Handler
                0x0000000008001054                SPI4_IRQHandler
                0x0000000008001054                TIM1_CC_IRQHandler
                0x0000000008001054                DMA2_Stream5_IRQHandler
                0x0000000008001054                HardFault_Handler
                0x0000000008001054                DMA1_Stream5_IRQHandler
                0x0000000008001054                SysTick_Handler
                0x0000000008001054                SDIO_IRQHandler
                0x0000000008001054                TAMP_STAMP_IRQHandler
                0x0000000008001054                PendSV_Handler
                0x0000000008001054                NMI_Handler
                0x0000000008001054                TIM1_UP_TIM10_IRQHandler
                0x0000000008001054                I2C3_ER_IRQHandler
                0x0000000008001054                I2C2_EV_IRQHandler
                0x0000000008001054                DMA1_Stream2_IRQHandler
                0x0000000008001054                UsageFault_Handler
                0x0000000008001054                DMA2_Stream2_IRQHandler
                0x0000000008001054                SPI1_IRQHandler
                0x0000000008001054                TIM1_BRK_TIM9_IRQHandler
                0x0000000008001054                DMA2_Stream3_IRQHandler
                0x0000000008001054                USART6_IRQHandler
                0x0000000008001054                DMA2_Stream0_IRQHandler
                0x0000000008001054                TIM4_IRQHandler
                0x0000000008001054                I2C1_EV_IRQHandler
                0x0000000008001054                DMA1_Stream6_IRQHandler
                0x0000000008001054                DMA1_Stream1_IRQHandler
                0x0000000008001054                TIM3_IRQHandler
                0x0000000008001054                RCC_IRQHandler
                0x0000000008001054                Default_Handler
                0x0000000008001054                ADC_IRQHandler
                0x0000000008001054                DMA1_Stream7_IRQHandler
                0x0000000008001054                TIM5_IRQHandler
                0x0000000008001054                DMA2_Stream7_IRQHandler
                0x0000000008001054                I2C3_EV_IRQHandler
                0x0000000008001054                SPI2_IRQHandler
                0x0000000008001054                MemManage_Handler
                0x0000000008001054                DMA1_Stream0_IRQHandler
                0x0000000008001054                SVC_Handler
                0x0000000008001054                TIM2_IRQHandler
                0x0000000008001054                TIM1_TRG_COM_TIM11_IRQHandler
                0x0000000008001054                USART2_IRQHandler
                0x0000000008001054                I2C2_ER_IRQHandler
                0x0000000008001054                DMA2_Stream1_IRQHandler
                0x0000000008001054                FLASH_IRQHandler
                0x0000000008001054                DMA2_Stream4_IRQHandler
                0x0000000008001054                BusFault_Handler
                0x0000000008001054                USART1_IRQHandler
                0x0000000008001054                OTG_FS_IRQHandler
                0x0000000008001054                SPI3_IRQHandler
                0x0000000008001054                DMA1_Stream4_IRQHandler
                0x0000000008001054                I2C1_ER_IRQHandler
                0x0000000008001054                DMA2_Stream6_IRQHandler
                0x0000000008001054                DMA1_Stream3_IRQHandler
 *fill*         0x0000000008001056        0x2 
 .text.__libc_init_array
                0x0000000008001058       0x48 C:/ST/STM32CubeIDE_1.14.0/STM32CubeIDE/plugins/com.st.stm32cube.ide.mcu.externaltools.gnu-tools-for-stm32.11.3.rel1.win32_1.1.100.202309141235/tools/bin/../lib/gcc/arm-none-eabi/11.3.1/../../../../arm-none-eabi/lib/thumb/v7e-m/nofp\libc_nano.a(libc_a-init.o)
                0x0000000008001058                __libc_init_array
 *(.glue_7)
 .glue_7        0x00000000080010a0        0x0 linker stubs
 *(.glue_7t)
 .glue_7t       0x00000000080010a0        0x0 linker stubs
 *(.eh_frame)
 .eh_frame      0x00000000080010a0        0x0 C:/ST/STM32CubeIDE_1.14.0/STM32CubeIDE/plugins/com.st.stm32cube.ide.mcu.externaltools.gnu-tools-for-stm32.11.3.rel1.win32_1.1.100.202309141235/tools/bin/../lib/gcc/arm-none-eabi/11.3.1/thumb/v7e-m/nofp/crtbegin.o
 *(.init)
 .init          0x00000000080010a0        0x4 C:/ST/STM32CubeIDE_1.14.0/STM32CubeIDE/plugins/com.st.stm32cube.ide.mcu.externaltools.gnu-tools-for-stm32.11.3.rel1.win32_1.1.100.202309141235/tools/bin/../lib/gcc/arm-none-eabi/11.3.1/thumb/v7e-m/nofp/crti.o
                0x00000000080010a0                _init
 .init          0x00000000080010a4        0x8 C:/ST/STM32CubeIDE_1.14.0/STM32CubeIDE/plugins/com.st.stm32cube.ide.mcu.externaltools.gnu-tools-for-stm32.11.3.rel1.win32_1.1.100.202309141235/tools/bin/../lib/gcc/arm-none-eabi/11.3.1/thumb/v7e-m/nofp/crtn.o
 *(.fini)
 .fini          0x00000000080010ac        0x4 C:/ST/STM32CubeIDE_1.14.0/STM32CubeIDE/plugins/com.st.stm32cube.ide.mcu.externaltools.gnu-tools-for-stm32.11.3.rel1.win32_1.1.100.202309141235/tools/bin/../lib/gcc/arm-none-eabi/11.3.1/thumb/v7e-m/nofp/crti.o
                0x00000000080010ac                _fini
 .fini          0x00000000080010b0        0x8 C:/ST/STM32CubeIDE_1.14.0/STM32CubeIDE/plugins/com.st.stm32cube.ide.mcu.externaltools.gnu-tools-for-stm32.11.3.rel1.win32_1.1.100.202309141235/tools/bin/../lib/gcc/arm-none-eabi/11.3.1/thumb/v7e-m/nofp/crtn.o
                0x00000000080010b8                . = ALIGN (0x4)
                0x00000000080010b8                _etext = .

.vfp11_veneer   0x00000000080010b8        0x0
 .vfp11_veneer  0x00000000080010b8        0x0 linker stubs

.v4_bx          0x00000000080010b8        0x0
 .v4_bx         0x00000000080010b8        0x0 linker stubs

.iplt           0x00000000080010b8        0x0
 .iplt          0x00000000080010b8        0x0 C:/ST/STM32CubeIDE_1.14.0/STM32CubeIDE/plugins/com.st.stm32cube.ide.mcu.externaltools.gnu-tools-for-stm32.11.3.rel1.win32_1.1.100.202309141235/tools/bin/../lib/gcc/arm-none-eabi/11.3.1/thumb/v7e-m/nofp/crtbegin.o

.rel.dyn        0x00000000080010b8        0x0
 .rel.iplt      0x00000000080010b8        0x0 C:/ST/STM32CubeIDE_1.14.0/STM32CubeIDE/plugins/com.st.stm32cube.ide.mcu.externaltools.gnu-tools-for-stm32.11.3.rel1.win32_1.1.100.202309141235/tools/bin/../lib/gcc/arm-none-eabi/11.3.1/thumb/v7e-m/nofp/crtbegin.o

.rodata         0x00000000080010b8        0x0
                0x00000000080010b8                . = ALIGN (0x4)
 *(.rodata)
 *(.rodata*)
                0x00000000080010b8                . = ALIGN (0x4)

.ARM.extab      0x00000000080010b8        0x0
                0x00000000080010b8                . = ALIGN (0x4)
 *(.ARM.extab* .gnu.linkonce.armextab.*)
                0x00000000080010b8                . = ALIGN (0x4)

.ARM            0x00000000080010b8        0x0
                0x00000000080010b8                . = ALIGN (0x4)
                0x00000000080010b8                __exidx_start = .
 *(.ARM.exidx*)
                0x00000000080010b8                __exidx_end = .
                0x00000000080010b8                . = ALIGN (0x4)

.preinit_array  0x00000000080010b8        0x0
                0x00000000080010b8                . = ALIGN (0x4)
                0x00000000080010b8                PROVIDE (__preinit_array_start = .)
 *(.preinit_array*)
                0x00000000080010b8                PROVIDE (__preinit_array_end = .)
                0x00000000080010b8                . = ALIGN (0x4)

.init_array     0x00000000080010b8        0x4
                0x00000000080010b8                . = ALIGN (0x4)
                0x00000000080010b8                PROVIDE (__init_array_start = .)
 *(SORT_BY_NAME(.init_array.*))
 *(.init_array*)
 .init_array    0x00000000080010b8        0x4 C:/ST/STM32CubeIDE_1.14.0/STM32CubeIDE/plugins/com.st.stm32cube.ide.mcu.externaltools.gnu-tools-for-stm32.11.3.rel1.win32_1.1.100.202309141235/tools/bin/../lib/gcc/arm-none-eabi/11.3.1/thumb/v7e-m/nofp/crtbegin.o
                0x00000000080010bc                PROVIDE (__init_array_end = .)
                0x00000000080010bc                . = ALIGN (0x4)

.fini_array     0x00000000080010bc        0x4
                0x00000000080010bc                . = ALIGN (0x4)
                [!provide]                        PROVIDE (__fini_array_start = .)
 *(SORT_BY_NAME(.fini_array.*))
 *(.fini_array*)
 .fini_array    0x00000000080010bc        0x4 C:/ST/STM32CubeIDE_1.14.0/STM32CubeIDE/plugins/com.st.stm32cube.ide.mcu.externaltools.gnu-tools-for-stm32.11.3.rel1.win32_1.1.100.202309141235/tools/bin/../lib/gcc/arm-none-eabi/11.3.1/thumb/v7e-m/nofp/crtbegin.o
                [!provide]                        PROVIDE (__fini_array_end = .)
                0x00000000080010c0                . = ALIGN (0x4)
                0x00000000080010c0                _sidata = LOADADDR (.data)

.data           0x0000000020000000       0x30 load address 0x00000000080010c0
                0x0000000020000000                . = ALIGN (0x4)
                0x0000000020000000                _sdata = .
 *(.data)
 *(.data*)
 .data.GPIO_PORT
                0x0000000020000000       0x18 ./Src/MCAL/GPIO/GPIO.o
 .data.PC13     0x0000000020000018        0x7 ./Src/main.o
                0x0000000020000018                PC13
 *fill*         0x000000002000001f        0x1 
 .data.exti_Pin
                0x0000000020000020        0x7 ./Src/main.o
                0x0000000020000020                exti_Pin
 *fill*         0x0000000020000027        0x1 
 .data.exti_b7  0x0000000020000028        0x8 ./Src/main.o
                0x0000000020000028                exti_b7
 *(.RamFunc)
 *(.RamFunc*)
                0x0000000020000030                . = ALIGN (0x4)
                0x0000000020000030                _edata = .

.igot.plt       0x0000000020000030        0x0 load address 0x00000000080010f0
 .igot.plt      0x0000000020000030        0x0 C:/ST/STM32CubeIDE_1.14.0/STM32CubeIDE/plugins/com.st.stm32cube.ide.mcu.externaltools.gnu-tools-for-stm32.11.3.rel1.win32_1.1.100.202309141235/tools/bin/../lib/gcc/arm-none-eabi/11.3.1/thumb/v7e-m/nofp/crtbegin.o
                0x0000000020000030                . = ALIGN (0x4)

.bss            0x0000000020000030       0x7c load address 0x00000000080010f0
                0x0000000020000030                _sbss = .
                0x0000000020000030                __bss_start__ = _sbss
 *(.bss)
 .bss           0x0000000020000030       0x1c C:/ST/STM32CubeIDE_1.14.0/STM32CubeIDE/plugins/com.st.stm32cube.ide.mcu.externaltools.gnu-tools-for-stm32.11.3.rel1.win32_1.1.100.202309141235/tools/bin/../lib/gcc/arm-none-eabi/11.3.1/thumb/v7e-m/nofp/crtbegin.o
 *(.bss*)
 .bss.EXTI_Handler
                0x000000002000004c       0x5c ./Src/MCAL/EXTI/EXTI.o
 .bss.EXTI_source
                0x00000000200000a8        0x1 ./Src/MCAL/EXTI/EXTI.o
 *(COMMON)
                0x00000000200000ac                . = ALIGN (0x4)
 *fill*         0x00000000200000a9        0x3 
                0x00000000200000ac                _ebss = .
                0x00000000200000ac                __bss_end__ = _ebss

._user_heap_stack
                0x00000000200000ac      0x604 load address 0x00000000080010f0
                0x00000000200000b0                . = ALIGN (0x8)
 *fill*         0x00000000200000ac        0x4 
                [!provide]                        PROVIDE (end = .)
                0x00000000200000b0                PROVIDE (_end = .)
                0x00000000200002b0                . = (. + _Min_Heap_Size)
 *fill*         0x00000000200000b0      0x200 
                0x00000000200006b0                . = (. + _Min_Stack_Size)
 *fill*         0x00000000200002b0      0x400 
                0x00000000200006b0                . = ALIGN (0x8)

/DISCARD/
 libc.a(*)
 libm.a(*)
 libgcc.a(*)

.ARM.attributes
                0x0000000000000000       0x2a
 *(.ARM.attributes)
 .ARM.attributes
                0x0000000000000000       0x1e C:/ST/STM32CubeIDE_1.14.0/STM32CubeIDE/plugins/com.st.stm32cube.ide.mcu.externaltools.gnu-tools-for-stm32.11.3.rel1.win32_1.1.100.202309141235/tools/bin/../lib/gcc/arm-none-eabi/11.3.1/thumb/v7e-m/nofp/crti.o
 .ARM.attributes
                0x000000000000001e       0x2e C:/ST/STM32CubeIDE_1.14.0/STM32CubeIDE/plugins/com.st.stm32cube.ide.mcu.externaltools.gnu-tools-for-stm32.11.3.rel1.win32_1.1.100.202309141235/tools/bin/../lib/gcc/arm-none-eabi/11.3.1/thumb/v7e-m/nofp/crtbegin.o
 .ARM.attributes
                0x000000000000004c       0x2e ./Src/Core_Peripheral/NVIC/NVIC.o
 .ARM.attributes
                0x000000000000007a       0x2e ./Src/Core_Peripheral/SCB/SCB.o
 .ARM.attributes
                0x00000000000000a8       0x2e ./Src/Core_Peripheral/SystTick/SystTick.o
 .ARM.attributes
                0x00000000000000d6       0x2e ./Src/MCAL/EXTI/EXTI.o
 .ARM.attributes
                0x0000000000000104       0x2e ./Src/MCAL/GPIO/GPIO.o
 .ARM.attributes
                0x0000000000000132       0x2e ./Src/MCAL/RCC/RCC.o
 .ARM.attributes
                0x0000000000000160       0x2e ./Src/MCAL/SYSCFG/syscfg.o
 .ARM.attributes
                0x000000000000018e       0x2e ./Src/main.o
 .ARM.attributes
                0x00000000000001bc       0x21 ./Startup/startup_stm32f401rctx.o
 .ARM.attributes
                0x00000000000001dd       0x2e C:/ST/STM32CubeIDE_1.14.0/STM32CubeIDE/plugins/com.st.stm32cube.ide.mcu.externaltools.gnu-tools-for-stm32.11.3.rel1.win32_1.1.100.202309141235/tools/bin/../lib/gcc/arm-none-eabi/11.3.1/../../../../arm-none-eabi/lib/thumb/v7e-m/nofp\libc_nano.a(libc_a-init.o)
 .ARM.attributes
                0x000000000000020b       0x1e C:/ST/STM32CubeIDE_1.14.0/STM32CubeIDE/plugins/com.st.stm32cube.ide.mcu.externaltools.gnu-tools-for-stm32.11.3.rel1.win32_1.1.100.202309141235/tools/bin/../lib/gcc/arm-none-eabi/11.3.1/thumb/v7e-m/nofp/crtn.o
OUTPUT(STM32F401_Drivers.elf elf32-littlearm)
LOAD linker stubs
LOAD C:/ST/STM32CubeIDE_1.14.0/STM32CubeIDE/plugins/com.st.stm32cube.ide.mcu.externaltools.gnu-tools-for-stm32.11.3.rel1.win32_1.1.100.202309141235/tools/bin/../lib/gcc/arm-none-eabi/11.3.1/../../../../arm-none-eabi/lib/thumb/v7e-m/nofp\libc.a
LOAD C:/ST/STM32CubeIDE_1.14.0/STM32CubeIDE/plugins/com.st.stm32cube.ide.mcu.externaltools.gnu-tools-for-stm32.11.3.rel1.win32_1.1.100.202309141235/tools/bin/../lib/gcc/arm-none-eabi/11.3.1/../../../../arm-none-eabi/lib/thumb/v7e-m/nofp\libm.a
LOAD C:/ST/STM32CubeIDE_1.14.0/STM32CubeIDE/plugins/com.st.stm32cube.ide.mcu.externaltools.gnu-tools-for-stm32.11.3.rel1.win32_1.1.100.202309141235/tools/bin/../lib/gcc/arm-none-eabi/11.3.1/thumb/v7e-m/nofp\libgcc.a

.comment        0x0000000000000000       0x43
 .comment       0x0000000000000000       0x43 C:/ST/STM32CubeIDE_1.14.0/STM32CubeIDE/plugins/com.st.stm32cube.ide.mcu.externaltools.gnu-tools-for-stm32.11.3.rel1.win32_1.1.100.202309141235/tools/bin/../lib/gcc/arm-none-eabi/11.3.1/thumb/v7e-m/nofp/crtbegin.o
                                         0x44 (size before relaxing)
 .comment       0x0000000000000043       0x44 ./Src/Core_Peripheral/NVIC/NVIC.o
 .comment       0x0000000000000043       0x44 ./Src/Core_Peripheral/SCB/SCB.o
 .comment       0x0000000000000043       0x44 ./Src/Core_Peripheral/SystTick/SystTick.o
 .comment       0x0000000000000043       0x44 ./Src/MCAL/EXTI/EXTI.o
 .comment       0x0000000000000043       0x44 ./Src/MCAL/GPIO/GPIO.o
 .comment       0x0000000000000043       0x44 ./Src/MCAL/RCC/RCC.o
 .comment       0x0000000000000043       0x44 ./Src/MCAL/SYSCFG/syscfg.o
 .comment       0x0000000000000043       0x44 ./Src/main.o

.debug_info     0x0000000000000000     0x2271
 .debug_info    0x0000000000000000      0x536 ./Src/Core_Peripheral/NVIC/NVIC.o
 .debug_info    0x0000000000000536      0x1b1 ./Src/Core_Peripheral/SCB/SCB.o
 .debug_info    0x00000000000006e7      0x1d4 ./Src/Core_Peripheral/SystTick/SystTick.o
 .debug_info    0x00000000000008bb      0x466 ./Src/MCAL/EXTI/EXTI.o
 .debug_info    0x0000000000000d21      0x548 ./Src/MCAL/GPIO/GPIO.o
 .debug_info    0x0000000000001269      0x350 ./Src/MCAL/RCC/RCC.o
 .debug_info    0x00000000000015b9      0x223 ./Src/MCAL/SYSCFG/syscfg.o
 .debug_info    0x00000000000017dc      0xa72 ./Src/main.o
 .debug_info    0x000000000000224e       0x23 ./Startup/startup_stm32f401rctx.o

.debug_abbrev   0x0000000000000000      0x9e3
 .debug_abbrev  0x0000000000000000      0x13c ./Src/Core_Peripheral/NVIC/NVIC.o
 .debug_abbrev  0x000000000000013c       0xf5 ./Src/Core_Peripheral/SCB/SCB.o
 .debug_abbrev  0x0000000000000231      0x138 ./Src/Core_Peripheral/SystTick/SystTick.o
 .debug_abbrev  0x0000000000000369      0x1ad ./Src/MCAL/EXTI/EXTI.o
 .debug_abbrev  0x0000000000000516      0x11e ./Src/MCAL/GPIO/GPIO.o
 .debug_abbrev  0x0000000000000634       0xf2 ./Src/MCAL/RCC/RCC.o
 .debug_abbrev  0x0000000000000726       0xf7 ./Src/MCAL/SYSCFG/syscfg.o
 .debug_abbrev  0x000000000000081d      0x1b4 ./Src/main.o
 .debug_abbrev  0x00000000000009d1       0x12 ./Startup/startup_stm32f401rctx.o

.debug_aranges  0x0000000000000000      0x218
 .debug_aranges
                0x0000000000000000       0x48 ./Src/Core_Peripheral/NVIC/NVIC.o
 .debug_aranges
                0x0000000000000048       0x20 ./Src/Core_Peripheral/SCB/SCB.o
 .debug_aranges
                0x0000000000000068       0x38 ./Src/Core_Peripheral/SystTick/SystTick.o
 .debug_aranges
                0x00000000000000a0       0xa0 ./Src/MCAL/EXTI/EXTI.o
 .debug_aranges
                0x0000000000000140       0x38 ./Src/MCAL/GPIO/GPIO.o
 .debug_aranges
                0x0000000000000178       0x28 ./Src/MCAL/RCC/RCC.o
 .debug_aranges
                0x00000000000001a0       0x20 ./Src/MCAL/SYSCFG/syscfg.o
 .debug_aranges
                0x00000000000001c0       0x30 ./Src/main.o
 .debug_aranges
                0x00000000000001f0       0x28 ./Startup/startup_stm32f401rctx.o

.debug_rnglists
                0x0000000000000000      0x16e
 .debug_rnglists
                0x0000000000000000       0x31 ./Src/Core_Peripheral/NVIC/NVIC.o
 .debug_rnglists
                0x0000000000000031       0x13 ./Src/Core_Peripheral/SCB/SCB.o
 .debug_rnglists
                0x0000000000000044       0x25 ./Src/Core_Peripheral/SystTick/SystTick.o
 .debug_rnglists
                0x0000000000000069       0x76 ./Src/MCAL/EXTI/EXTI.o
 .debug_rnglists
                0x00000000000000df       0x28 ./Src/MCAL/GPIO/GPIO.o
 .debug_rnglists
                0x0000000000000107       0x1a ./Src/MCAL/RCC/RCC.o
 .debug_rnglists
                0x0000000000000121       0x14 ./Src/MCAL/SYSCFG/syscfg.o
 .debug_rnglists
                0x0000000000000135       0x20 ./Src/main.o
 .debug_rnglists
                0x0000000000000155       0x19 ./Startup/startup_stm32f401rctx.o

.debug_macro    0x0000000000000000     0x1805
 .debug_macro   0x0000000000000000       0x8e ./Src/Core_Peripheral/NVIC/NVIC.o
 .debug_macro   0x000000000000008e      0xaa2 ./Src/Core_Peripheral/NVIC/NVIC.o
 .debug_macro   0x0000000000000b30       0x16 ./Src/Core_Peripheral/NVIC/NVIC.o
 .debug_macro   0x0000000000000b46       0x22 ./Src/Core_Peripheral/NVIC/NVIC.o
 .debug_macro   0x0000000000000b68       0x8e ./Src/Core_Peripheral/NVIC/NVIC.o
 .debug_macro   0x0000000000000bf6       0x51 ./Src/Core_Peripheral/NVIC/NVIC.o
 .debug_macro   0x0000000000000c47      0x103 ./Src/Core_Peripheral/NVIC/NVIC.o
 .debug_macro   0x0000000000000d4a       0x6a ./Src/Core_Peripheral/NVIC/NVIC.o
 .debug_macro   0x0000000000000db4      0x1df ./Src/Core_Peripheral/NVIC/NVIC.o
 .debug_macro   0x0000000000000f93       0x34 ./Src/Core_Peripheral/NVIC/NVIC.o
 .debug_macro   0x0000000000000fc7      0x1da ./Src/Core_Peripheral/NVIC/NVIC.o
 .debug_macro   0x00000000000011a1       0x8e ./Src/Core_Peripheral/SCB/SCB.o
 .debug_macro   0x000000000000122f       0x22 ./Src/Core_Peripheral/SCB/SCB.o
 .debug_macro   0x0000000000001251       0x8e ./Src/Core_Peripheral/SystTick/SystTick.o
 .debug_macro   0x00000000000012df       0x4c ./Src/Core_Peripheral/SystTick/SystTick.o
 .debug_macro   0x000000000000132b       0x8e ./Src/MCAL/EXTI/EXTI.o
 .debug_macro   0x00000000000013b9       0x1c ./Src/MCAL/EXTI/EXTI.o
 .debug_macro   0x00000000000013d5       0x94 ./Src/MCAL/GPIO/GPIO.o
 .debug_macro   0x0000000000001469       0x8a ./Src/MCAL/RCC/RCC.o
 .debug_macro   0x00000000000014f3       0xca ./Src/MCAL/RCC/RCC.o
 .debug_macro   0x00000000000015bd       0x8e ./Src/MCAL/SYSCFG/syscfg.o
 .debug_macro   0x000000000000164b       0x2e ./Src/MCAL/SYSCFG/syscfg.o
 .debug_macro   0x0000000000001679      0x18c ./Src/main.o

.debug_line     0x0000000000000000     0x36b2
 .debug_line    0x0000000000000000      0x602 ./Src/Core_Peripheral/NVIC/NVIC.o
 .debug_line    0x0000000000000602      0x512 ./Src/Core_Peripheral/SCB/SCB.o
 .debug_line    0x0000000000000b14      0x5c4 ./Src/Core_Peripheral/SystTick/SystTick.o
 .debug_line    0x00000000000010d8      0x889 ./Src/MCAL/EXTI/EXTI.o
 .debug_line    0x0000000000001961      0x6c8 ./Src/MCAL/GPIO/GPIO.o
 .debug_line    0x0000000000002029      0x4fe ./Src/MCAL/RCC/RCC.o
 .debug_line    0x0000000000002527      0x53f ./Src/MCAL/SYSCFG/syscfg.o
 .debug_line    0x0000000000002a66      0xbd1 ./Src/main.o
 .debug_line    0x0000000000003637       0x7b ./Startup/startup_stm32f401rctx.o

.debug_str      0x0000000000000000     0x6557
 .debug_str     0x0000000000000000     0x4c85 ./Src/Core_Peripheral/NVIC/NVIC.o
                                       0x4dfa (size before relaxing)
 .debug_str     0x0000000000004c85      0x197 ./Src/Core_Peripheral/SCB/SCB.o
                                       0x4a41 (size before relaxing)
 .debug_str     0x0000000000004e1c      0x241 ./Src/Core_Peripheral/SystTick/SystTick.o
                                       0x4adc (size before relaxing)
 .debug_str     0x000000000000505d      0x345 ./Src/MCAL/EXTI/EXTI.o
                                       0x4c06 (size before relaxing)
 .debug_str     0x00000000000053a2      0x36b ./Src/MCAL/GPIO/GPIO.o
                                       0x4c27 (size before relaxing)
 .debug_str     0x000000000000570d      0x8af ./Src/MCAL/RCC/RCC.o
                                       0x5181 (size before relaxing)
 .debug_str     0x0000000000005fbc      0x1fd ./Src/MCAL/SYSCFG/syscfg.o
                                       0x4aaf (size before relaxing)
 .debug_str     0x00000000000061b9      0x36f ./Src/main.o
                                       0x61e4 (size before relaxing)
 .debug_str     0x0000000000006528       0x2f ./Startup/startup_stm32f401rctx.o
                                         0x73 (size before relaxing)

.debug_frame    0x0000000000000000      0x610
 .debug_frame   0x0000000000000000      0x100 ./Src/Core_Peripheral/NVIC/NVIC.o
 .debug_frame   0x0000000000000100       0x38 ./Src/Core_Peripheral/SCB/SCB.o
 .debug_frame   0x0000000000000138       0xa8 ./Src/Core_Peripheral/SystTick/SystTick.o
 .debug_frame   0x00000000000001e0      0x244 ./Src/MCAL/EXTI/EXTI.o
 .debug_frame   0x0000000000000424       0xb0 ./Src/MCAL/GPIO/GPIO.o
 .debug_frame   0x00000000000004d4       0x60 ./Src/MCAL/RCC/RCC.o
 .debug_frame   0x0000000000000534       0x38 ./Src/MCAL/SYSCFG/syscfg.o
 .debug_frame   0x000000000000056c       0x78 ./Src/main.o
 .debug_frame   0x00000000000005e4       0x2c C:/ST/STM32CubeIDE_1.14.0/STM32CubeIDE/plugins/com.st.stm32cube.ide.mcu.externaltools.gnu-tools-for-stm32.11.3.rel1.win32_1.1.100.202309141235/tools/bin/../lib/gcc/arm-none-eabi/11.3.1/../../../../arm-none-eabi/lib/thumb/v7e-m/nofp\libc_nano.a(libc_a-init.o)

.debug_line_str
                0x0000000000000000       0x67
 .debug_line_str
                0x0000000000000000       0x67 ./Startup/startup_stm32f401rctx.o
                                         0x7f (size before relaxing)
