../Src/MCAL/EXTI/EXTI.c:15:15:EXTI_initialize	24	static
../Src/MCAL/EXTI/EXTI.c:45:15:EXTI_enable	16	static
../Src/MCAL/EXTI/EXTI.c:50:15:EXTI_disable	16	static
../Src/MCAL/EXTI/EXTI.c:56:15:EXTI_set_pending_flag	24	static
../Src/MCAL/EXTI/EXTI.c:69:15:EXTI_clear_pending_flag	16	static
../Src/MCAL/EXTI/EXTI.c:75:15:EXTI_read_pending_flag	16	static
../Src/MCAL/EXTI/EXTI.c:82:6:EXTI0_IRQHandler	8	static
../Src/MCAL/EXTI/EXTI.c:90:6:EXTI1_IRQHandler	8	static
../Src/MCAL/EXTI/EXTI.c:98:6:EXTI2_IRQHandler	8	static
../Src/MCAL/EXTI/EXTI.c:106:6:EXTI3_IRQHandler	8	static
../Src/MCAL/EXTI/EXTI.c:114:6:EXTI4_IRQHandler	8	static
../Src/MCAL/EXTI/EXTI.c:122:6:EXTI9_5_IRQHandler	16	static
../Src/MCAL/EXTI/EXTI.c:176:6:EXTI15_10_IRQHandler	16	static
