../Src/MCAL/EXTI/EXTI.c:21:15:EXTI_initialize	24	static
../Src/MCAL/EXTI/EXTI.c:58:15:EXTI_enable	16	static
../Src/MCAL/EXTI/EXTI.c:70:15:EXTI_disable	16	static
../Src/MCAL/EXTI/EXTI.c:82:15:EXTI_set_pending_flag	24	static
../Src/MCAL/EXTI/EXTI.c:102:15:EXTI_clear_pending_flag	16	static
../Src/MCAL/EXTI/EXTI.c:116:15:EXTI_read_pending_flag	16	static
../Src/MCAL/EXTI/EXTI.c:129:6:EXTI0_IRQHandler	8	static
../Src/MCAL/EXTI/EXTI.c:143:6:EXTI1_IRQHandler	8	static
../Src/MCAL/EXTI/EXTI.c:157:6:EXTI2_IRQHandler	8	static
../Src/MCAL/EXTI/EXTI.c:171:6:EXTI3_IRQHandler	8	static
../Src/MCAL/EXTI/EXTI.c:185:6:EXTI4_IRQHandler	8	static
../Src/MCAL/EXTI/EXTI.c:199:6:EXTI9_5_IRQHandler	16	static
../Src/MCAL/EXTI/EXTI.c:259:6:EXTI15_10_IRQHandler	16	static
../Src/MCAL/EXTI/EXTI.c:329:6:EXTI16_PVD_IRQHandler	8	static
../Src/MCAL/EXTI/EXTI.c:343:6:EXTI17_RTC_Alarm_IRQHandler	8	static
../Src/MCAL/EXTI/EXTI.c:357:6:EXTI18_OTG_FS_WKUP_IRQHandler	8	static
../Src/MCAL/EXTI/EXTI.c:372:6:EXTI22_RTC_WKUP_IRQHandler	8	static
